// Jest Snapshot v1, https://goo.gl/fbAQLP

exports[`Card renders correctly 1`] = `
<div
  className="sc-bdfBwQ fzlwWY component c-navigationPod c-navigationPod--manual small-12 columns  "
>
  <div
    className="component-content"
  >
    <div
      className="sc-gsTCUz lgbzsf c-navigationPod__wrapper"
    >
      <div
        className="sc-eCssSg flaySL"
      >
        <img
          alt="cute monkey"
          className="sc-jSgupP gbrltj"
          loading="lazy"
          src="https://img.posterlounge.co.uk/images/big/1592909.jpg"
        />
      </div>
      <div
        className="sc-dlfnbm edcLZW"
      >
        <div
          className=" field-link"
        >
          <a
            className="sc-gKsewC cKBQWx"
            data-variantfieldname="Link"
            data-variantitemid="{123}"
            href="/"
          >
            button text
          </a>
        </div>
        <p
          className="sc-hKgILt fZHvtl field-pod-text"
          dangerouslySetInnerHTML={
            Object {
              "__html": "Lorem ipsum dolor sit amet, consectetur adipiscing elit. Mauris ac lectus et velit vulputate elementum. Aenean euismod tortor id sapien accumsan, vel commodo metus luctus. Mauris dapibus consectetur sem quis ultricies. Nam iaculis velit in tortor lobortis, in egestas augue facilisis. Fusce mattis pulvinar felis nec vulputate. Sed vulputate sem id nisi cursus, in ornare erat eleifend. Aliquam ut velit volutpat, volutpat nisi in, molestie nulla.",
            }
          }
        />
      </div>
    </div>
  </div>
</div>
`;
